['baseline[141-142]']
True
True
True
True
0 True
True
True
1 True
True
True
2 True
True
True
True
3 True
True
True
4 True
True
True
True
5 True
True
True
6 True
True
True
True
True
True
7 True
True
True
8 True
True
True
9 True
True
True
True
10 True
True
True
11 True
True
True
True
12 True
True
True
13 True
True
True
True
14 True
True
True
15 True
True
True
True
16 True
True
True
17 True
True
True
True
18 True
True
True
19 True
True
True
True
20 True
True
True
21 True
True
True
True
22 True
True
True
23 True
True
True
True
24 True
True
True
25 True
True
True
True
26 True
True
True
27 True
True
True
True
28 True
True
True
29 True
True
True
True
30 True
True
True
31 True
True
True
True
32 True
True
True
33 True
True
True
True
34 True
True
True
35 True
True
True
True
36 True
True
True
37 True
True
True
True
38 True
True
True
39 True
True
TLAI
(40, 11)
(4000, 28)
[ 0  1  2  3  4  5  6  7  8  9 10 11 12 13 14 15 16 17 18 19 20 21 22 23
 24 25 26 27 28 29 30 31 32 33 34 35 36 37 38 39]
(40,)
Correlations for training data: TLAI
0 0.9999993276542143
1 0.9999992522251929
2 0.9999993324868689
3 0.9999994609285277
4 0.9999990477275373
5 0.9999996820553922
6 0.9999995040502669
7 0.9999994031582156
8 0.9999996079215654
9 0.9999994341549016
10 0.9999991707127612

Correlations for testing data: TLAI
0 0.36042191467714446
1 0.2359428004578052
2 0.3503969039007272
3 0.30973578369016047
4 0.3861270890141558
5 0.3248029746331092
6 0.22752653875337642
7 0.34556751850879275
8 0.3483946674417364
9 0.3890342240900344
10 0.3882313336082412
0 28 0.001
1 28 14.2
2 28 0.0231
3 28 4.0
4 28 1000.0
5 28 36000.0
6 28 198000.0
7 28 40000.0
8 28 -0.6
9 28 0.01
10 28 -125000.0
11 28 -642000.0
12 28 1.0
13 28 0.5
14 28 0.017
15 28 7.8
16 28 0.0231
17 28 4.0
18 28 1000.0
19 28 36000.0
20 28 198000.0
21 28 40000.0
22 28 -0.6
23 28 0.01
24 28 -125000.0
25 28 -642000.0
26 28 6.0
27 28 0.5
Defined problem:
  num_vars: 28
  names: ['slatop_7', 'leafcn_7', 'flnr_7', 'mbbopt_7', 'bbbopt_7', 'vcmaxha_7', 'vcmaxhd_7', 'jmaxha_7', 'xl_7', 'dleaf_7', 'smpso_7', 'smpsc_7', 'roota_par_7', 'rootb_par_7', 'slatop_13', 'leafcn_13', 'flnr_13', 'mbbopt_13', 'bbbopt_13', 'vcmaxha_13', 'vcmaxhd_13', 'jmaxha_13', 'xl_13', 'dleaf_13', 'smpso_13', 'smpsc_13', 'roota_par_13', 'rootb_par_13']
  bounds shape: (28, 2)
check: 28
check loop: slatop
check loop: leafcn
check loop: flnr
check loop: mbbopt
check loop: bbbopt
check loop: vcmaxha
check loop: vcmaxhd
check loop: jmaxha
check loop: xl
check loop: dleaf
check loop: smpso
check loop: smpsc
check loop: roota_par
check loop: rootb_par
check loop: slatop
check loop: leafcn
check loop: flnr
check loop: mbbopt
check loop: bbbopt
check loop: vcmaxha
check loop: vcmaxhd
check loop: jmaxha
check loop: xl
check loop: dleaf
check loop: smpso
check loop: smpsc
check loop: roota_par
check loop: rootb_par
